daou@daou-2087 MINGW64 / (master)
$ cd gitProject

daou@daou-2087 MINGW64 /gitProject (master)
$ git init
Initialized empty Git repository in C:/Program Files/Git/gitProject/.git/

daou@daou-2087 MINGW64 /gitProject (master)
$ git config --global user.name "jjjjjuniiiii"

daou@daou-2087 MINGW64 /gitProject (master)
$ git config --global user.email "hotty226@naver.com"

daou@daou-2087 MINGW64 /gitProject (master)
$ git remote add origin https://github.com/jjjjjuniiiii/daou_sample.git

daou@daou-2087 MINGW64 /gitProject (master)
$ git clone https://github.com/jjjjjuniiiii/daou_sample.git
Cloning into 'daou_sample'...
warning: You appear to have cloned an empty repository.

daou@daou-2087 MINGW64 /gitProject (master)
$ git add .

daou@daou-2087 MINGW64 /gitProject (master)
$ git commit -m "this is a commit"
On branch master

Initial commit

nothing to commit

daou@daou-2087 MINGW64 /gitProject (master)
$ pwd
/gitProject

daou@daou-2087 MINGW64 /gitProject (master)
$ cd daou_sample

daou@daou-2087 MINGW64 /gitProject/daou_sample (master)
$ git add *
fatal: pathspec '*' did not match any files

daou@daou-2087 MINGW64 /gitProject/daou_sample (master)
$ git add .

daou@daou-2087 MINGW64 /gitProject/daou_sample (master)
$ git commit -m "this is a commit"
On branch master

Initial commit

nothing to commit

daou@daou-2087 MINGW64 /gitProject/daou_sample (master)
$ git add .

daou@daou-2087 MINGW64 /gitProject/daou_sample (master)
$ git commit -m " this is a commit"
[master (root-commit) f712e46]  this is a commit
 1 file changed, 3 insertions(+)
 create mode 100644 text1.txt

daou@daou-2087 MINGW64 /gitProject/daou_sample (master)
$ git push origin master
Username for 'https://github.com': jjjjjuniiiii
Counting objects: 3, done.
Writing objects: 100% (3/3), 223 bytes | 0 bytes/s, done.
Total 3 (delta 0), reused 0 (delta 0)
To https://github.com/jjjjjuniiiii/daou_sample.git
 * [new branch]      master -> master

daou@daou-2087 MINGW64 /gitProject/daou_sample (master)
$ git clone https://github.com/jjjjjuniiiii/cadi.git
Cloning into 'cadi'...
remote: Counting objects: 250, done.
remote: Compressing objects: 100% (65/65), done.
remote: Total 250 (delta 26), reused 0 (delta 0), pack-reused 167
Receiving objects: 100% (250/250), 1.07 MiB | 639.00 KiB/s, done.
Resolving deltas: 100% (58/58), done.
Checking out files: 100% (176/176), done.

daou@daou-2087 MINGW64 /gitProject/daou_sample (master)
